sgag
gva3wgy
gerah
GVtwte44rg
